videotest: font gfxmenu video
odc: archelp
loopback: extcmd
gcry_des: crypto
macho:
memrw: extcmd
terminfo: extcmd
f2fs: fshelp
part_gpt:
romfs: fshelp
read: extcmd
lsefimmap:
aout:
gcry_arcfour: crypto
tftp: net
newc: archelp
minix2_be:
afsplitter: crypto
elf:
videotest_checksum: font functional_test video_fb
password_pbkdf2: crypto gcry_sha512 normal pbkdf2
gcry_seed: crypto
pcidump: extcmd
bsd: aout boot cpuid crypto elf extcmd gcry_md5 mmap relocator serial video
sfs: fshelp
reiserfs: fshelp
part_sunpc:
gfxmenu: bitmap bitmap_scale font gfxterm normal trig video video_colors
backtrace:
zstd:
jfs:
help: extcmd normal
cbls: cbtable
gfxterm_menu: font functional_test normal procfs video_fb
gcry_idea: crypto
configfile: normal
tr: extcmd
shift_test: functional_test
ohci: boot cs5536 usb
spkmodem: terminfo
afs: fshelp
usb_keyboard: keylayouts usb
xzio: crypto
search_fs_file:
syslinuxcfg: extcmd normal
wrmsr:
usbms: scsi usb
test_blockarg: extcmd normal
true:
affs: fshelp
iso9660: fshelp
exfat: fshelp
smbios: extcmd
setjmp_test: functional_test setjmp
efinet: net
disk:
appleldr: boot
gfxterm: font video
xfs: fshelp
testspeed: extcmd normal
functional_test: btrfs extcmd video video_fb
cpio_be: archelp
bswap_test: functional_test
sleep: extcmd normal
memdisk:
gcry_rijndael: crypto
mdraid09_be: diskfilter
gettext:
gcry_sha1: crypto
hfspluscomp: gzio hfsplus
offsetio:
file: elf extcmd macho offsetio
random: hexdump
cmp: extcmd
usbserial_usbdebug: serial usb usbserial_common
video_colors:
morse:
hashsum: crypto extcmd normal
gdb: backtrace serial
halt: acpi
usb:
gfxterm_background: bitmap bitmap_scale extcmd gfxterm video video_colors
gcry_dsa: mpi pgp
search_fs_uuid:
keystatus: extcmd
geli: crypto cryptodisk gcry_sha256 gcry_sha512 pbkdf2
cmdline_cat_test: font functional_test normal procfs video_fb
linux: boot mmap relocator video
rdmsr: extcmd
part_sun:
cbtable:
pbkdf2_test: functional_test gcry_sha1 pbkdf2
video_bochs: video video_fb
bufio:
usbserial_ftdi: serial usb usbserial_common
legacy_password_test: functional_test legacycfg
cpuid: extcmd
hdparm: extcmd hexdump
gcry_blowfish: crypto
bfs: fshelp
test:
nilfs2: fshelp
gcry_rsa: mpi pgp
cryptodisk: crypto extcmd procfs
nativedisk:
minicmd:
ata: scsi
signature_test: functional_test procfs
udf: fshelp
gzio: gcry_crc
xnu_uuid: gcry_md5
uhci: usb
pata: ata
mul_test: functional_test
adler32: crypto
terminal:
div:
ehci: boot cs5536 usb
crypto:
part_bsd: part_msdos
cs5536:
luks2: afsplitter crypto cryptodisk json pbkdf2
gcry_sha512: crypto
password: crypto normal
fshelp:
sleep_test: datetime functional_test
iorw: extcmd
efitextmode:
mmap:
xnu: bitmap bitmap_scale boot extcmd macho mmap random relocator video
bli: part_gpt
exfctest: functional_test
zfsinfo: zfs
ldm: diskfilter part_gpt part_msdos
eval: normal
part_dvh:
lssal:
ext2: fshelp
blocklist:
net: boot bufio datetime priority_queue
part_acorn:
videoinfo: video
btrfs: gzio lzopio raid6rec zstd
lsmmap: mmap
strtoull_test: functional_test
bitmap:
multiboot: boot elf linux mmap net relocator video
ntfs: fshelp
tpm:
gcry_crc: crypto
png: bitmap bufio
json:
jpeg: bitmap bufio
macbless: disk
div_test: div functional_test
parttool: normal
regexp: extcmd normal
usbserial_pl2303: serial usb usbserial_common
cpio: archelp
gcry_rmd160: crypto
fat: fshelp
ufs1_be:
archelp:
http: net
raid6rec: diskfilter
zfs: gzio
lsefisystab:
minix2:
lsacpi: acpi extcmd
datehook: datetime
bitmap_scale: bitmap
loadenv: disk extcmd
probe: extcmd
minix3:
tar: archelp
loadbios:
hfs: fshelp
boot:
procfs: archelp
keylayouts:
progress: normal
kernel:
usbtest: usb
acpi: extcmd mmap
relocator: mmap
tga: bitmap bufio
reboot:
serial: extcmd terminfo
zfscrypt: crypto extcmd gcry_rijndael gcry_sha1 pbkdf2 zfs
efi_uga: video video_fb
dm_nv: diskfilter
luks: afsplitter crypto cryptodisk pbkdf2
cmp_test: functional_test
font: bufio video
raid5rec: diskfilter
crc64: crypto
datetime:
efifwsetup:
video:
ctz_test: functional_test
cbmemc: cbtable normal terminfo
hfsplus: fshelp
gcry_cast5: crypto
extcmd:
squash4: fshelp gzio lzopio xzio
part_plan:
minix_be:
gcry_whirlpool: crypto
gcry_tiger: crypto
fixvideo:
search: extcmd search_fs_file search_fs_uuid search_label
lspci: extcmd
video_fb:
cbtime: cbtable
peimage: setjmp
minix3_be:
trig:
msdospart: disk parttool
gcry_twofish: crypto
priority_queue:
plainmount: crypto cryptodisk extcmd
part_dfly:
xnu_uuid_test: functional_test
diskfilter:
testload:
part_apple:
hexdump: extcmd
date: datetime
gcry_sha256: crypto
pbkdf2: crypto
ls: datetime extcmd normal
usbserial_common: serial usb
ntfscomp: ntfs
lzopio: crypto
video_cirrus: video video_fb
hello: extcmd
scsi:
linux16: boot linux mmap relocator video
ahci: ata boot
normal: boot bufio crypto datetime extcmd gettext net terminal
pgp: crypto extcmd gcry_sha1 mpi
cat: extcmd
ufs1:
mdraid09: diskfilter
lvm: diskfilter
chain: boot efinet net
cbfs: archelp
ufs2:
time:
setpci: extcmd
gptsync: disk
search_label:
gcry_rfc2268: crypto
multiboot2: acpi boot elf linux mmap net relocator video
setjmp:
mdraid1x: diskfilter
legacycfg: crypto gcry_md5 normal password
mpi: crypto
play:
part_amiga:
efi_gop: video video_fb
minix:
echo: extcmd
lsefi:
gcry_serpent: crypto
gcry_md4: crypto
gcry_md5: crypto
gcry_camellia: crypto
at_keyboard: boot keylayouts
part_msdos:
all_video: efi_gop efi_uga video_bochs video_cirrus
