videotest: font gfxmenu video
odc: archelp
loopback: extcmd
gcry_des: crypto
macho:
memrw: extcmd
terminfo: extcmd
f2fs: fshelp
part_gpt:
romfs: fshelp
read: extcmd
aout:
gcry_arcfour: crypto
vga_text:
tftp: net
newc: archelp
minix2_be:
afsplitter: crypto
elf:
videotest_checksum: font functional_test video_fb
password_pbkdf2: crypto gcry_sha512 normal pbkdf2
gcry_seed: crypto
pcidump: extcmd pci
bsd: aout boot cpuid crypto elf extcmd gcry_md5 mmap relocator serial vbe verifiers video
sfs: fshelp
reiserfs: fshelp
part_sunpc:
gfxmenu: bitmap bitmap_scale font gfxterm normal trig video video_colors
915resolution:
backtrace:
zstd:
jfs:
help: extcmd normal
configfile: normal
cbls: cbtable
gfxterm_menu: font functional_test normal procfs video_fb
gcry_idea: crypto
tr: extcmd
shift_test: functional_test
ohci: boot cs5536 pci usb
spkmodem: terminfo
afs: fshelp
usb_keyboard: keylayouts usb
xzio: crypto
search_fs_file:
syslinuxcfg: extcmd normal
wrmsr:
vga: video video_fb
usbms: scsi usb
test_blockarg: extcmd normal
true:
affs: fshelp
iso9660: fshelp
exfat: fshelp
smbios: acpi extcmd
setjmp_test: functional_test setjmp
disk:
gfxterm: font video
xfs: fshelp
testspeed: extcmd normal
cpio_be: archelp
functional_test: btrfs extcmd video video_fb
pxechain: boot pxe relocator video
bswap_test: functional_test
sleep: extcmd normal
memdisk:
gcry_rijndael: crypto
mdraid09_be: diskfilter
gettext:
gcry_sha1: crypto
hfspluscomp: gzio hfsplus
cmp: extcmd
offsetio:
file: elf extcmd macho offsetio
random: acpi hexdump
usbserial_usbdebug: serial usb usbserial_common
video_colors:
morse:
hashsum: crypto extcmd normal
gdb: backtrace serial
halt: acpi extcmd
usb: pci
gfxterm_background: bitmap bitmap_scale extcmd gfxterm video video_colors
gcry_dsa: mpi pgp
search_fs_uuid:
keystatus: extcmd
geli: crypto cryptodisk gcry_sha256 gcry_sha512 pbkdf2
cmdline_cat_test: font functional_test normal procfs video_fb
linux: boot mmap normal relocator vbe verifiers video
rdmsr: extcmd
part_sun:
cbtable:
plan9: boot extcmd relocator verifiers video
sendkey: boot extcmd
pbkdf2_test: functional_test gcry_sha1 pbkdf2
video_bochs: pci video video_fb
bufio:
verifiers:
usbserial_ftdi: serial usb usbserial_common
legacy_password_test: functional_test legacycfg
cpuid: extcmd
hwmatch: normal pci regexp
hdparm: extcmd hexdump
gcry_blowfish: crypto
bfs: fshelp
test:
nilfs2: fshelp
gcry_rsa: mpi pgp
cryptodisk: crypto extcmd procfs
nativedisk:
minicmd:
ata: scsi
signature_test: functional_test procfs
udf: fshelp
gzio: gcry_crc
xnu_uuid: gcry_md5
uhci: pci usb
pata: ata pci
mul_test: functional_test
adler32: crypto
terminal:
div:
ehci: boot cs5536 pci usb
crypto:
part_bsd: part_msdos
cs5536: pci
luks2: afsplitter crypto cryptodisk json pbkdf2
lsapm:
biosdisk:
gcry_sha512: crypto
efiemu: acpi cpuid crypto gcry_crc smbios
password: crypto normal
fshelp:
sleep_test: datetime functional_test
iorw: extcmd
mmap: boot
xnu: bitmap bitmap_scale boot efiemu extcmd macho mmap random relocator verifiers video
bli: part_gpt
exfctest: functional_test
zfsinfo: zfs
ldm: diskfilter part_gpt part_msdos
cmostest:
eval: normal
part_dvh:
ext2: fshelp
blocklist:
drivemap: boot extcmd mmap
net: boot bufio datetime priority_queue
part_acorn:
videoinfo: video
btrfs: gzio lzopio raid6rec zstd
lsmmap:
strtoull_test: functional_test
bitmap:
multiboot: boot elf linux lsapm mmap net relocator vbe video
vbe: video video_fb
ntfs: fshelp
gcry_crc: crypto
png: bitmap bufio
json:
jpeg: bitmap bufio
macbless: disk
div_test: div functional_test
parttool: normal
regexp: extcmd normal
usbserial_pl2303: serial usb usbserial_common
cpio: archelp
gcry_rmd160: crypto
fat: fshelp
ufs1_be:
truecrypt: boot gzio mmap relocator video
archelp:
ntldr: boot chain relocator video
http: net
raid6rec: diskfilter
zfs: gzio
minix2:
mda_text:
lsacpi: acpi extcmd
datehook: datetime
bitmap_scale: bitmap
loadenv: disk extcmd
probe: extcmd
minix3:
tar: archelp
hfs: fshelp
boot:
procfs: archelp
keylayouts:
progress: normal
kernel:
usbtest: usb
acpi: extcmd mmap
relocator: mmap
tga: bitmap bufio
reboot: relocator
serial: acpi extcmd pci terminfo
zfscrypt: crypto extcmd gcry_rijndael gcry_sha1 pbkdf2 zfs
dm_nv: diskfilter
cmp_test: functional_test
luks: afsplitter crypto cryptodisk pbkdf2
font: bufio video
raid5rec: diskfilter
crc64: crypto
datetime:
ctz_test: functional_test
video:
pci:
cbmemc: cbtable normal terminfo
hfsplus: fshelp
gcry_cast5: crypto
cmosdump:
extcmd:
squash4: fshelp gzio lzopio xzio
part_plan:
minix_be:
gcry_whirlpool: crypto
gcry_tiger: crypto
pxe: boot net
search: extcmd search_fs_file search_fs_uuid search_label
lspci: extcmd pci
video_fb:
cbtime: cbtable
minix3_be:
trig:
msdospart: disk parttool
gcry_twofish: crypto
priority_queue:
plainmount: crypto cryptodisk extcmd
part_dfly:
xnu_uuid_test: functional_test
diskfilter:
testload:
part_apple:
hexdump: extcmd
date: datetime
gcry_sha256: crypto
pbkdf2: crypto
ls: datetime extcmd normal
usbserial_common: serial usb
ntfscomp: ntfs
lzopio: crypto
video_cirrus: pci video video_fb
hello: extcmd
scsi:
linux16: boot linux mmap relocator video
ahci: ata boot pci
normal: boot bufio crypto datetime extcmd gettext net terminal verifiers
pgp: crypto extcmd gcry_sha1 mpi verifiers
cat: extcmd
ufs1:
mdraid09: diskfilter
lvm: diskfilter
chain: boot relocator video
cbfs: archelp
ufs2:
time:
setpci: extcmd pci
gptsync: disk
freedos: boot chain relocator video
search_label:
gcry_rfc2268: crypto
multiboot2: acpi boot elf linux lsapm mmap net relocator vbe video
setjmp:
mdraid1x: diskfilter
legacycfg: crypto gcry_md5 linux normal password
mpi: crypto
play:
part_amiga:
minix:
echo: extcmd
gcry_serpent: crypto
gcry_md4: crypto
gcry_md5: crypto
gcry_camellia: crypto
at_keyboard: boot keylayouts
part_msdos:
all_video: vbe vga video_bochs video_cirrus
